exports[`test renders correctly 1`] = `
<div
  className="App">
  <a
    href="/"
    onClick={[Function]}>
    <div
      className="App-header">
      <img
        alt="logo"
        className="App-logo"
        src="logo.svg" />
      <h2>
        Welcome to React
      </h2>
    </div>
  </a>
  <div>
    <h3>
      This is basic routing
    </h3>
    <p>
      <a
        href="/GridPage"
        onClick={[Function]}>
        GridPage
      </a>
    </p>
    <p>
      <a
        href="/FormPage"
        onClick={[Function]}>
        FormPage
      </a>
    </p>
  </div>
</div>
`;
